진행해야할 명령어 리스트


hbase data 디렉토리를 확인하여 오너그룹이 hbase로 되어 있지 않은지 확인할 것
https://docs.microsoft.com/ko-kr/azure/hdinsight/hbase/hbase-troubleshoot-timeouts-hbase-hbck
https://community.cloudera.com/t5/Support-Questions/HBase-Region-in-Transition/td-p/26703
https://community.cloudera.com/t5/Support-Questions/HBase-Regions-stuck-in-FAILED-OPEN-state/td-p/129039
1.hbase shell에서 아래 명령어로 hbase 상태 확인할 것
 status 'summary'
2. hbase shell에서 아래 명령어로 catalogjanitor를 활성화 시킨다.
 catalogjanitor_enabled 
3. 아래명령어는 쉘명령어로 hbase 메타와 hbase resion 정보와의 불일치를 확인한다.
$ ./bin/hbase hbck catalog:fdc_summary catalog:fdc_trace



hbase 쉘에서 테이블 비활성화
hbck를 실행하여 다음 명령을 사용하여 문제를 해결하십시오.

sudo -u hbase hbase hbck -repair

hbase 쉘에서 테이블 사용

















how to enable Catalog Janitor process in hbase

https://sparkbyexamples.com/hbase/hbase-shell-commands-cheat-sheet/#catalogjanitor_enabled

https://archive.cloudera.com/cdh5/cdh/5/hbase-0.98.6-cdh5.3.0/book/hbck.in.depth.html
아래 내용을 확인해서 hbase 복구를 진행할것

C.1. Running hbck to identify inconsistencies
C.2. Inconsistencies
C.3. Localized repairs
C.4. Region Overlap Repairs
C.4.1. Special cases: Meta is not properly assigned
C.4.2. Special cases: HBase version file is missing
C.4.3. Special case: Root and META are corrupt.
C.4.4. Special cases: Offline split parent


불일치를 식별하기 위해 hbck 실행
HBase 클러스터가 손상되었는지 확인하려면 HBase 클러스터에 대해 hbck를 실행하십시오.
$ ./bin/hbase hbck
명령 출력이 끝나면 OK를 인쇄하거나 존재하는 불일치 수를 알려줍니다

아래 명령어는 모든 테이블에 대한 불일치를 보고 합니다.
$ ./bin/hbase hbck -details

아래 명령어와 같이 특정테이블에 대한 불일치를 검사할 수 있습니다.
$ ./bin/hbase hbck catalog:fdc_summary catalog:fdc_trace

아래처럼 잘못된 할당문제를 아래 명령어로 처리 할 수 있다.
$ ./bin/hbase hbck -fixAssignments

배포 및 할당 문제를 해결하고 잘못된 메타 행을 복구하려면이 명령을 실행할 수 있습니다.
$ ./bin/hbase hbck -fixAssignments -fixMeta

위험 복구가 적은 몇 가지 클래스의 테이블 무결성 문제가 있습니다. 처음 두 개는 퇴화 (startkey == endkey) 
영역과 하위 영역 (startkey> endkey)입니다. 이들은 임시 디렉토리 (/ hbck / xxxx)에 데이터를 
추가하여 자동으로 처리됩니다. 세 번째 저 위험 클래스는 hdfs 영역 구멍입니다. 다음을 사용하여 복구 할 수 있습니다.

-fixHdfsHoles파일 시스템에서 새로운 빈 영역을 제작하기위한 옵션. 구멍이 감지되면 -fixHdfsHoles를 사용할 수 있으며 -fixMeta 및 -fixAssignments를 포함하여 새 영역의 일관성을 유지해야합니다.

$ ./bin/hbase hbck -fixAssignments -fixMeta -fixHdfsHoles

마지막으로 수리를 특정 테이블로만 제한하는 안전 조치가 있습니다. 
예를 들어 다음 명령은 TableFoo 및 TableBar 테이블을 확인하고 복구 만 시도합니다.

$ ./bin/hbase hbck-수리 TableFoo TableBar



위 처럼 진행해서 정상이 되면 아래 사이트를 참고하여 
catalogJanitor를 정상화 시킬것
https://sparkbyexamples.com/hbase/hbase-shell-commands-cheat-sheet/#catalogjanitor_enabled
